#-----------------------------------------------------------
# Vivado v2018.3 (64-bit)
# SW Build 2405991 on Thu Dec  6 23:38:27 MST 2018
# IP Build 2404404 on Fri Dec  7 01:43:56 MST 2018
# Start of session at: Fri Apr 15 14:15:54 2022
# Process ID: 11012
# Current directory: D:/user/桌面/pingpong_speed
# Command line: vivado.exe -gui_launcher_event rodinguilauncherevent9888 D:\user\桌面\pingpong_speed\pingpong.xpr
# Log file: D:/user/桌面/pingpong_speed/vivado.log
# Journal file: D:/user/桌面/pingpong_speed\vivado.jou
#-----------------------------------------------------------
start_gui
open_project D:/user/桌面/pingpong_speed/pingpong.xpr
update_compile_order -fileset sources_1
reset_run synth_1
launch_runs synth_1 -jobs 16
wait_on_run synth_1
reset_run synth_1
launch_runs synth_1 -jobs 16
wait_on_run synth_1
reset_run synth_1
launch_runs synth_1 -jobs 16
wait_on_run synth_1
reset_run synth_1
launch_runs synth_1 -jobs 16
wait_on_run synth_1
reset_run synth_1
launch_runs synth_1 -jobs 16
wait_on_run synth_1
